#-----------------------------------------------------------
# Webtalk v2020.2 (64-bit)
# SW Build 3064766 on Wed Nov 18 09:12:45 MST 2020
# IP Build 3064653 on Wed Nov 18 14:17:31 MST 2020
# Start of session at: Thu Jan  7 18:51:55 2021
# Process ID: 14700
# Current directory: C:/Users/jylee/Documents/GitHub/Xilinx_Tutorials/simulation/test00/test00.sim/sim_2/behav/xsim
# Command line: wbtcv.exe -mode batch -source C:/Users/jylee/Documents/GitHub/Xilinx_Tutorials/simulation/test00/test00.sim/sim_2/behav/xsim/xsim.dir/TB_DFF_behav/webtalk/xsim_webtalk.tcl -notrace
# Log file: C:/Users/jylee/Documents/GitHub/Xilinx_Tutorials/simulation/test00/test00.sim/sim_2/behav/xsim/webtalk.log
# Journal file: C:/Users/jylee/Documents/GitHub/Xilinx_Tutorials/simulation/test00/test00.sim/sim_2/behav/xsim\webtalk.jou
#-----------------------------------------------------------
source C:/Users/jylee/Documents/GitHub/Xilinx_Tutorials/simulation/test00/test00.sim/sim_2/behav/xsim/xsim.dir/TB_DFF_behav/webtalk/xsim_webtalk.tcl -notrace
